[epoc100]
1 11            ; CMdaAudioPlayerUtility::GetBalance
2 12            ; CMdaAudioPlayerUtility::GetBitrate
3 13            ; CMdaAudioPlayerUtility::SetBalance
4 14            ; CMdaAudioPlayerUtility::GetPosition
5 15            ; CMdaAudioPlayerUtility::SetPosition
6 16            ; CMdaAudioPlayerUtility::SetPriority
34 17           ; CMdaAudioPlayerUtility::NewDesPlayerL
7 18            ; CMdaAudioPlayerUtility::SetPlayWindow
35 19           ; CMdaAudioPlayerUtility::NewFilePlayerL
37 20           ; CMdaAudioPlayerUtility::WillResumePlay
8 21            ; CMdaAudioPlayerUtility::ClearPlayWindow
9 22            ; CMdaAudioPlayerUtility::CustomCommandSync (var1)
10 23           ; CMdaAudioPlayerUtility::CustomCommandSync (var2)
11 24           ; CMdaAudioPlayerUtility::GetMetadataEntry
12 25           ; CMdaAudioPlayerUtility::CustomCommandAsync (var1)
13 26           ; CMdaAudioPlayerUtility::CustomCommandAsync (var2)
14 27           ; CMdaAudioPlayerUtility::GetDRMCustomCommand
36 28           ; CMdaAudioPlayerUtility::NewDesPlayerReadOnlyL
15 29           ; CMdaAudioPlayerUtility::GetAudioLoadingProgressL
16 30           ; CMdaAudioPlayerUtility::GetNumberOfMetadataEntryL
17 31           ; CMdaAudioPlayerUtility::RegisterAudioResourceNotification
18 32           ; CMdaAudioPlayerUtility::RegisterForAudioLoadingNotification
19 33           ; CMdaAudioPlayerUtility::ControllerImplementationInformation
20 34           ; CMdaAudioPlayerUtility::CancelRegisterAudioResourceNotification
21 35           ; CMdaAudioPlayerUtility::NewL
39 36           ; CMdaAudioPlayerUtiltiy::Close
22 37           ; CMdaAudioPlayerUtility::Pause
24 38           ; CMdaAudioPlayerUtility::OpenDesL
25 39           ; CMdaAudioPlayerUtility::OpenUrlL
26 40           ; CMdaAudioPlayerUtility::GetVolume
27 41           ; CMdaAudioPlayerUtility::OpenFileL(RFile)
28 42           ; CMdaAudioPlayerUtility::OpenFileL(TDesC)
29 43           ; CMdaAudioPlayerUtility::OpenFileL(TMMSource)
38 154          ; CMdaAudioPlayerUtility::SetThreadPriority
40 158          ; CMdaAudioPlayerUtility::UseSharedHeap

45 71           ; CMdaAudioRecorderUtility::SetPriority
46 162          ; CMdaAudioRecorderUtility::UseSharedHeap
47 72           ; CMdaAudioRecorderUtility::SourceBitRate
48 73           ; CMdaAudioRecorderUtility::WillResumePlay
49 74           ; CMdaAudioRecorderUtility::GetRecordBalance
50 75           ; CMdaAudioRecorderUtility::SetRecordBalance
51 76           ; CMdaAudioRecorderUtility::AddMetadataEntry
52 77           ; CMdaAudioRecorderUtility::GetMetadataEntry
53 78           ; CMdaAudioRecorderUtility::DestinationFormat
54 79           ; CMdaAudioRecorderUtility::GetPlaybackBalance
55 80           ; CMdaAudioRecorderUtility::SetPlaybackBalance
56 81           ; CMdaAudioRecorderUtility::DestinationBitRate
57 82           ; CMdaAudioRecorderUtility::GetDRMCustomCommand
58 83           ; CMdaAudioRecorderUtility::RemoveMetadataEntry
59 84           ; CMdaAudioRecorderUtility::DestinationDatatype
60 85           ; CMdaAudioRecorderUtility::GetSupportedBitrates
61 86           ; CMdaAudioRecorderUtility::ReplaceMetadataEntry
62 87           ; CMdaAudioRecorderUtility::SetDestinationFormat
63 88           ; CMdaAudioRecorderUtility::DestinationSampleRate
64 89           ; CMdaAudioRecorderUtility::SetDestinationBitrate
65 90           ; CMdaAudioRecorderUtility::SetDestinationDataType
66 91           ; CMdaAudioRecorderUtility::GetAudioLoadingProgress
67 92           ; CMdaAudioRecorderUtility::GetSupportedSampleRates
68 93           ; CMdaAudioRecorderUtility::SetDesinationSampleRate
69 94           ; CMdaAudioRecorderUtility::GetNumberOfMetadataEntryL
70 95           ; CMdaAudioRecorderUtility::DestinationNumberOfChannels
71 96           ; CMdaAudioRecorderUtility::GetSupportedNumberOfChannels
72 97           ; CMdaAudioRecorderUtility::PlayControllerCustomCommandSync (v1)
73 98           ; CMdaAudioRecorderUtility::PlayControllerCustomCommandSync (v2)
74 99           ; CMdaAudioRecorderUtility::SetDestinationNumberOfChannels
75 100          ; CMdaAudioRecorderUtility::PlayControllerCustomCommandAsync (v1)
76 101          ; CMdaAudioRecorderUtility::PlayControllerCustomCommandAsync (v2)
77 102          ; CMdaAudioRecorderUtility::GetSupportedDestinationDataTypes
78 103          ; CMdaAudioRecorderUtility::RecordControllerCustomCommandSync (v1)
79 104          ; CMdaAudioRecorderUtility::RecordControllerCustomCommandSync (v2)
80 105          ; CMdaAudioRecorderUtility::RegisterAudioResourceNotification
81 106          ; CMdaAudioRecorderUtility::RecordControllerCustomCommandAsync (v1)
82 107          ; CMdaAudioRecorderUtility::RecordControllerCustomCommandAsync (v2)
83 108          ; CMdaAudioRecorderUtility::RegisterForAudioLoadingNotification
84 109          ; CMdaAudioRecorderUtility::CancelRegisterAudioResourceNotification
85 110          ; CMdaAudioRecorderUtility::AudioPlayControllerImplementationInformation
86 111          ; CMdaAudioRecorderUtility::AudioRecordControllerImplementationInfo
87 112          ; CMdaAudioRecorderUtility::NewL
88 113          ; CMdaAudioRecorderUtility::GetGain 
89 160          ; CMdaAudioRecorderUtility::Duration
90 114          ; _ZN24CMdaAudioRecorderUtility8OpenDesLER5TDes8
91 115          ; _ZN24CMdaAudioRecorderUtility8OpenDesLER5TDes84TUidS2_S2_7TFourCC
92 116          ; _ZN24CMdaAudioRecorderUtility8OpenUrlLERK7TDesC16i4TUidS3_S3_7TFourCC
93 117          ; _ZN24CMdaAudioRecorderUtility8OpenUrlLERK7TDesC16iRK6TDesC8
94 118          ; _ZN24CMdaAudioRecorderUtility9GetVolumeERi
95 119          ; _ZN24CMdaAudioRecorderUtility9OpenFileLERK5RFile
96 120          ; _ZN24CMdaAudioRecorderUtility9OpenFileLERK5RFile4TUidS3_S3_7TFourCC
97 122          ; _ZN24CMdaAudioRecorderUtility9OpenFileLERK9TMMSource
98 123          ; _ZN24CMdaAudioRecorderUtility9OpenFileLERK9TMMSource4TUidS3_S3_7TFourCC
99 156          ; _ZNK24CMdaAudioRecorderUtility23SetThreadPriorityRecordERK15TThreadPriority
100 157         ; _ZNK24CMdaAudioRecorderUtility25SetThreadPriorityPlaybackERK15TThreadPriority
101 128         ; _ZTI20CMdaAudioClipUtility
102 135         ; _ZTI24CMdaAudioRecorderUtility
103 143         ; _ZTV20CMdaAudioClipUtility
104 150         ; _ZTV24CMdaAudioRecorderUtility
105 121         ; _ZN24CMdaAudioRecorderUtility9OpenFileLERK7TDesC164TUidS3_S3_7TFourCC

[epoc94]
1 11            ; CMdaAudioPlayerUtility::GetBalance
2 12            ; CMdaAudioPlayerUtility::GetBitrate
3 13            ; CMdaAudioPlayerUtility::SetBalance
4 14            ; CMdaAudioPlayerUtility::GetPosition
5 15            ; CMdaAudioPlayerUtility::SetPosition
6 16            ; CMdaAudioPlayerUtility::SetPriority
34 17           ; CMdaAudioPlayerUtility::NewDesPlayerL
7 18            ; CMdaAudioPlayerUtility::SetPlayWindow
35 19           ; CMdaAudioPlayerUtility::NewFilePlayerL
37 20           ; CMdaAudioPlayerUtility::WillResumePlay
8 21            ; CMdaAudioPlayerUtility::ClearPlayWindow
9 22            ; CMdaAudioPlayerUtility::CustomCommandSync (var1)
10 23           ; CMdaAudioPlayerUtility::CustomCommandSync (var2)
11 24           ; CMdaAudioPlayerUtility::GetMetadataEntry
12 25           ; CMdaAudioPlayerUtility::CustomCommandAsync (var1)
13 26           ; CMdaAudioPlayerUtility::CustomCommandAsync (var2)
14 27           ; CMdaAudioPlayerUtility::GetDRMCustomCommand
36 28           ; CMdaAudioPlayerUtility::NewDesPlayerReadOnlyL
15 29           ; CMdaAudioPlayerUtility::GetAudioLoadingProgressL
16 30           ; CMdaAudioPlayerUtility::GetNumberOfMetadataEntryL
17 31           ; CMdaAudioPlayerUtility::RegisterAudioResourceNotification
18 32           ; CMdaAudioPlayerUtility::RegisterForAudioLoadingNotification
19 33           ; CMdaAudioPlayerUtility::ControllerImplementationInformation
20 34           ; CMdaAudioPlayerUtility::CancelRegisterAudioResourceNotification
21 35           ; CMdaAudioPlayerUtility::NewL
39 36           ; CMdaAudioPlayerUtiltiy::Close
22 37           ; CMdaAudioPlayerUtility::Pause
24 38           ; CMdaAudioPlayerUtility::OpenDesL
25 39           ; CMdaAudioPlayerUtility::OpenUrlL
26 40           ; CMdaAudioPlayerUtility::GetVolume
27 41           ; CMdaAudioPlayerUtility::OpenFileL(RFile)
28 42           ; CMdaAudioPlayerUtility::OpenFileL(TDesC)
29 43           ; CMdaAudioPlayerUtility::OpenFileL(TMMSource)
38 154          ; CMdaAudioPlayerUtility::SetThreadPriority
40 158          ; CMdaAudioPlayerUtility::UseSharedHeap

45 71           ; CMdaAudioRecorderUtility::SetPriority
46 162          ; CMdaAudioRecorderUtility::UseSharedHeap
47 72           ; CMdaAudioRecorderUtility::SourceBitRate
48 73           ; CMdaAudioRecorderUtility::WillResumePlay
49 74           ; CMdaAudioRecorderUtility::GetRecordBalance
50 75           ; CMdaAudioRecorderUtility::SetRecordBalance
51 76           ; CMdaAudioRecorderUtility::AddMetadataEntry
52 77           ; CMdaAudioRecorderUtility::GetMetadataEntry
53 78           ; CMdaAudioRecorderUtility::DestinationFormat
54 79           ; CMdaAudioRecorderUtility::GetPlaybackBalance
55 80           ; CMdaAudioRecorderUtility::SetPlaybackBalance
56 81           ; CMdaAudioRecorderUtility::DestinationBitRate
57 82           ; CMdaAudioRecorderUtility::GetDRMCustomCommand
58 83           ; CMdaAudioRecorderUtility::RemoveMetadataEntry
59 84           ; CMdaAudioRecorderUtility::DestinationDatatype
60 85           ; CMdaAudioRecorderUtility::GetSupportedBitrates
61 86           ; CMdaAudioRecorderUtility::ReplaceMetadataEntry
62 87           ; CMdaAudioRecorderUtility::SetDestinationFormat
63 88           ; CMdaAudioRecorderUtility::DestinationSampleRate
64 89           ; CMdaAudioRecorderUtility::SetDestinationBitrate
65 90           ; CMdaAudioRecorderUtility::SetDestinationDataType
66 91           ; CMdaAudioRecorderUtility::GetAudioLoadingProgress
67 92           ; CMdaAudioRecorderUtility::GetSupportedSampleRates
68 93           ; CMdaAudioRecorderUtility::SetDesinationSampleRate
69 94           ; CMdaAudioRecorderUtility::GetNumberOfMetadataEntryL
70 95           ; CMdaAudioRecorderUtility::DestinationNumberOfChannels
71 96           ; CMdaAudioRecorderUtility::GetSupportedNumberOfChannels
72 97           ; CMdaAudioRecorderUtility::PlayControllerCustomCommandSync (v1)
73 98           ; CMdaAudioRecorderUtility::PlayControllerCustomCommandSync (v2)
74 99           ; CMdaAudioRecorderUtility::SetDestinationNumberOfChannels
75 100          ; CMdaAudioRecorderUtility::PlayControllerCustomCommandAsync (v1)
76 101          ; CMdaAudioRecorderUtility::PlayControllerCustomCommandAsync (v2)
77 102          ; CMdaAudioRecorderUtility::GetSupportedDestinationDataTypes
78 103          ; CMdaAudioRecorderUtility::RecordControllerCustomCommandSync (v1)
79 104          ; CMdaAudioRecorderUtility::RecordControllerCustomCommandSync (v2)
80 105          ; CMdaAudioRecorderUtility::RegisterAudioResourceNotification
81 106          ; CMdaAudioRecorderUtility::RecordControllerCustomCommandAsync (v1)
82 107          ; CMdaAudioRecorderUtility::RecordControllerCustomCommandAsync (v2)
83 108          ; CMdaAudioRecorderUtility::RegisterForAudioLoadingNotification
84 109          ; CMdaAudioRecorderUtility::CancelRegisterAudioResourceNotification
85 110          ; CMdaAudioRecorderUtility::AudioPlayControllerImplementationInformation
86 111          ; CMdaAudioRecorderUtility::AudioRecordControllerImplementationInfo
87 112          ; CMdaAudioRecorderUtility::NewL
88 113          ; CMdaAudioRecorderUtility::GetGain 
89 160          ; CMdaAudioRecorderUtility::Duration
90 114          ; _ZN24CMdaAudioRecorderUtility8OpenDesLER5TDes8
91 115          ; _ZN24CMdaAudioRecorderUtility8OpenDesLER5TDes84TUidS2_S2_7TFourCC
92 116          ; _ZN24CMdaAudioRecorderUtility8OpenUrlLERK7TDesC16i4TUidS3_S3_7TFourCC
93 117          ; _ZN24CMdaAudioRecorderUtility8OpenUrlLERK7TDesC16iRK6TDesC8
94 118          ; _ZN24CMdaAudioRecorderUtility9GetVolumeERi
95 119          ; _ZN24CMdaAudioRecorderUtility9OpenFileLERK5RFile
96 120          ; _ZN24CMdaAudioRecorderUtility9OpenFileLERK5RFile4TUidS3_S3_7TFourCC
97 122          ; _ZN24CMdaAudioRecorderUtility9OpenFileLERK9TMMSource
98 123          ; _ZN24CMdaAudioRecorderUtility9OpenFileLERK9TMMSource4TUidS3_S3_7TFourCC
99 156          ; _ZNK24CMdaAudioRecorderUtility23SetThreadPriorityRecordERK15TThreadPriority
100 157         ; _ZNK24CMdaAudioRecorderUtility25SetThreadPriorityPlaybackERK15TThreadPriority
101 128         ; _ZTI20CMdaAudioClipUtility
102 135         ; _ZTI24CMdaAudioRecorderUtility
103 143         ; _ZTV20CMdaAudioClipUtility
104 150         ; _ZTV24CMdaAudioRecorderUtility
105 121         ; _ZN24CMdaAudioRecorderUtility9OpenFileLERK7TDesC164TUidS3_S3_7TFourCC

[epoc93]
1 11            ; CMdaAudioPlayerUtility::GetBalance
2 12            ; CMdaAudioPlayerUtility::GetBitrate
3 13            ; CMdaAudioPlayerUtility::SetBalance
4 14            ; CMdaAudioPlayerUtility::GetPosition
5 15            ; CMdaAudioPlayerUtility::SetPosition
6 16            ; CMdaAudioPlayerUtility::SetPriority
34 17           ; CMdaAudioPlayerUtility::NewDesPlayerL
7 18            ; CMdaAudioPlayerUtility::SetPlayWindow
35 19           ; CMdaAudioPlayerUtility::NewFilePlayerL
37 20           ; CMdaAudioPlayerUtility::WillResumePlay
8 21            ; CMdaAudioPlayerUtility::ClearPlayWindow
9 22            ; CMdaAudioPlayerUtility::CustomCommandSync (var1)
10 23           ; CMdaAudioPlayerUtility::CustomCommandSync (var2)
11 24           ; CMdaAudioPlayerUtility::GetMetadataEntry
12 25           ; CMdaAudioPlayerUtility::CustomCommandAsync (var1)
13 26           ; CMdaAudioPlayerUtility::CustomCommandAsync (var2)
14 27           ; CMdaAudioPlayerUtility::GetDRMCustomCommand
36 28           ; CMdaAudioPlayerUtility::NewDesPlayerReadOnlyL
15 29           ; CMdaAudioPlayerUtility::GetAudioLoadingProgressL
16 30           ; CMdaAudioPlayerUtility::GetNumberOfMetadataEntryL
17 31           ; CMdaAudioPlayerUtility::RegisterAudioResourceNotification
18 32           ; CMdaAudioPlayerUtility::RegisterForAudioLoadingNotification
19 33           ; CMdaAudioPlayerUtility::ControllerImplementationInformation
20 34           ; CMdaAudioPlayerUtility::CancelRegisterAudioResourceNotification
21 35           ; CMdaAudioPlayerUtility::NewL
39 36           ; CMdaAudioPlayerUtiltiy::Close
22 37           ; CMdaAudioPlayerUtility::Pause
24 38           ; CMdaAudioPlayerUtility::OpenDesL
25 39           ; CMdaAudioPlayerUtility::OpenUrlL
26 40           ; CMdaAudioPlayerUtility::GetVolume
27 41           ; CMdaAudioPlayerUtility::OpenFileL(RFile)
28 42           ; CMdaAudioPlayerUtility::OpenFileL(TDesC)
29 43           ; CMdaAudioPlayerUtility::OpenFileL(TMMSource)
38 154          ; CMdaAudioPlayerUtility::SetThreadPriority
40 158          ; CMdaAudioPlayerUtility::UseSharedHeap

45 71           ; CMdaAudioRecorderUtility::SetPriority
46 162          ; CMdaAudioRecorderUtility::UseSharedHeap
47 72           ; CMdaAudioRecorderUtility::SourceBitRate
48 73           ; CMdaAudioRecorderUtility::WillResumePlay
49 74           ; CMdaAudioRecorderUtility::GetRecordBalance
50 75           ; CMdaAudioRecorderUtility::SetRecordBalance
51 76           ; CMdaAudioRecorderUtility::AddMetadataEntry
52 77           ; CMdaAudioRecorderUtility::GetMetadataEntry
53 78           ; CMdaAudioRecorderUtility::DestinationFormat
54 79           ; CMdaAudioRecorderUtility::GetPlaybackBalance
55 80           ; CMdaAudioRecorderUtility::SetPlaybackBalance
56 81           ; CMdaAudioRecorderUtility::DestinationBitRate
57 82           ; CMdaAudioRecorderUtility::GetDRMCustomCommand
58 83           ; CMdaAudioRecorderUtility::RemoveMetadataEntry
59 84           ; CMdaAudioRecorderUtility::DestinationDatatype
60 85           ; CMdaAudioRecorderUtility::GetSupportedBitrates
61 86           ; CMdaAudioRecorderUtility::ReplaceMetadataEntry
62 87           ; CMdaAudioRecorderUtility::SetDestinationFormat
63 88           ; CMdaAudioRecorderUtility::DestinationSampleRate
64 89           ; CMdaAudioRecorderUtility::SetDestinationBitrate
65 90           ; CMdaAudioRecorderUtility::SetDestinationDataType
66 91           ; CMdaAudioRecorderUtility::GetAudioLoadingProgress
67 92           ; CMdaAudioRecorderUtility::GetSupportedSampleRates
68 93           ; CMdaAudioRecorderUtility::SetDesinationSampleRate
69 94           ; CMdaAudioRecorderUtility::GetNumberOfMetadataEntryL
70 95           ; CMdaAudioRecorderUtility::DestinationNumberOfChannels
71 96           ; CMdaAudioRecorderUtility::GetSupportedNumberOfChannels
72 97           ; CMdaAudioRecorderUtility::PlayControllerCustomCommandSync (v1)
73 98           ; CMdaAudioRecorderUtility::PlayControllerCustomCommandSync (v2)
74 99           ; CMdaAudioRecorderUtility::SetDestinationNumberOfChannels
75 100          ; CMdaAudioRecorderUtility::PlayControllerCustomCommandAsync (v1)
76 101          ; CMdaAudioRecorderUtility::PlayControllerCustomCommandAsync (v2)
77 102          ; CMdaAudioRecorderUtility::GetSupportedDestinationDataTypes
78 103          ; CMdaAudioRecorderUtility::RecordControllerCustomCommandSync (v1)
79 104          ; CMdaAudioRecorderUtility::RecordControllerCustomCommandSync (v2)
80 105          ; CMdaAudioRecorderUtility::RegisterAudioResourceNotification
81 106          ; CMdaAudioRecorderUtility::RecordControllerCustomCommandAsync (v1)
82 107          ; CMdaAudioRecorderUtility::RecordControllerCustomCommandAsync (v2)
83 108          ; CMdaAudioRecorderUtility::RegisterForAudioLoadingNotification
84 109          ; CMdaAudioRecorderUtility::CancelRegisterAudioResourceNotification
85 110          ; CMdaAudioRecorderUtility::AudioPlayControllerImplementationInformation
86 111          ; CMdaAudioRecorderUtility::AudioRecordControllerImplementationInfo
87 112          ; CMdaAudioRecorderUtility::NewL
88 113          ; CMdaAudioRecorderUtility::GetGain 
89 160          ; CMdaAudioRecorderUtility::Duration
90 114          ; _ZN24CMdaAudioRecorderUtility8OpenDesLER5TDes8
91 115          ; _ZN24CMdaAudioRecorderUtility8OpenDesLER5TDes84TUidS2_S2_7TFourCC
92 116          ; _ZN24CMdaAudioRecorderUtility8OpenUrlLERK7TDesC16i4TUidS3_S3_7TFourCC
93 117          ; _ZN24CMdaAudioRecorderUtility8OpenUrlLERK7TDesC16iRK6TDesC8
94 118          ; _ZN24CMdaAudioRecorderUtility9GetVolumeERi
95 119          ; _ZN24CMdaAudioRecorderUtility9OpenFileLERK5RFile
96 120          ; _ZN24CMdaAudioRecorderUtility9OpenFileLERK5RFile4TUidS3_S3_7TFourCC
97 122          ; _ZN24CMdaAudioRecorderUtility9OpenFileLERK9TMMSource
98 123          ; _ZN24CMdaAudioRecorderUtility9OpenFileLERK9TMMSource4TUidS3_S3_7TFourCC
99 156          ; _ZNK24CMdaAudioRecorderUtility23SetThreadPriorityRecordERK15TThreadPriority
100 157         ; _ZNK24CMdaAudioRecorderUtility25SetThreadPriorityPlaybackERK15TThreadPriority
101 128         ; _ZTI20CMdaAudioClipUtility
102 135         ; _ZTI24CMdaAudioRecorderUtility
103 143         ; _ZTV20CMdaAudioClipUtility
104 150         ; _ZTV24CMdaAudioRecorderUtility
105 121         ; _ZN24CMdaAudioRecorderUtility9OpenFileLERK7TDesC164TUidS3_S3_7TFourCC

[epoc81a]
2 70            ; SetPriority__22CMdaAudioPlayerUtilityi22TMdaPriorityPreference
3 107           ; Close__22CMdaAudioPlayerUtility
4 84            ; ControllerImplementationInformationL__22CMdaAudioPlayerUtility
5 86            ; CustomCommandAsync__22CMdaAudioPlayerUtilityRCt8TPckgBuf1Z22TMMFMessageDestinationiRC6TDesC8T3R14TRequestStatus
6 87            ; CustomCommandAsync__22CMdaAudioPlayerUtilityRCt8TPckgBuf1Z22TMMFMessageDestinationiRC6TDesC8T3R5TDes8R14TRequestStatus
7 90            ; CustomCommandSync__22CMdaAudioPlayerUtilityRCt8TPckgBuf1Z22TMMFMessageDestinationiRC6TDesC8T3
8 91            ; CustomCommandSync__22CMdaAudioPlayerUtilityRCt8TPckgBuf1Z22TMMFMessageDestinationiRC6TDesC8T3R5TDes8
9 94            ; GetAudioLoadingProgressL__22CMdaAudioPlayerUtilityRi
10 22           ; GetBalance__22CMdaAudioPlayerUtilityRi
11 24           ; GetMetaDataEntryL__22CMdaAudioPlayerUtilityi
12 26           ; GetNumberOfMetaDataEntries__22CMdaAudioPlayerUtilityRi
13 29           ; GetPosition__22CMdaAudioPlayerUtilityR25TTimeIntervalMicroSeconds
14 39           ; GetVolume__22CMdaAudioPlayerUtilityRi
15 4            ; NewDesPlayerL__22CMdaAudioPlayerUtilityRC6TDesC8R23MMdaAudioPlayerCallbacki22TMdaPriorityPreferenceP10CMdaServer
16 2            ; NewDesPlayerReadOnlyL__22CMdaAudioPlayerUtilityRC6TDesC8R23MMdaAudioPlayerCallbacki22TMdaPriorityPreferenceP10CMdaServer
17 3            ; NewFilePlayerL__22CMdaAudioPlayerUtilityRC7TDesC16R23MMdaAudioPlayerCallbacki22TMdaPriorityPreferenceP10CMdaServer
18 42           ; NewL__22CMdaAudioPlayerUtilityR23MMdaAudioPlayerCallbacki22TMdaPriorityPreference
19 46           ; OpenDesL__22CMdaAudioPlayerUtilityRC6TDesC8
20 48           ; OpenFileL__22CMdaAudioPlayerUtilityRC7TDesC16
21 51           ; OpenUrlL__22CMdaAudioPlayerUtilityRC7TDesC16iRC6TDesC8
22 54           ; Pause__22CMdaAudioPlayerUtility
23 104          ; RegisterForAudioLoadingNotification__22CMdaAudioPlayerUtilityR21MAudioLoadingObserver
24 58           ; SetBalance__22CMdaAudioPlayerUtilityi
25 69           ; SetPlayWindow__22CMdaAudioPlayerUtilityRC25TTimeIntervalMicroSecondsT1
26 71           ; SetPosition__22CMdaAudioPlayerUtilityRC25TTimeIntervalMicroSeconds
27 106          ; ClearPlayWindow__22CMdaAudioPlayerUtility
28 74           ; SetRecordBalance__24CMdaAudioRecorderUtilityi
29 82           ; AudioPlayControllerImplementationInformationL__24CMdaAudioRecorderUtility
30 83           ; AudioRecorderControllerImplementationInformationL__24CMdaAudioRecorderUtility
31 12           ; DestinationBitRateL__24CMdaAudioRecorderUtility
32 14           ; DestinationDataTypeL__24CMdaAudioRecorderUtility
33 16           ; DestinationFormatL__24CMdaAudioRecorderUtility
34 18           ; DestinationNumberOfChannelsL__24CMdaAudioRecorderUtility
35 20           ; DestinationSampleRateL__24CMdaAudioRecorderUtility
36 95           ; GetAudioLoadingProgressL__24CMdaAudioRecorderUtilityRi
37 23           ; GetGain__24CMdaAudioRecorderUtilityRi
38 25           ; GetMetaDataEntryL__24CMdaAudioRecorderUtilityi
39 27           ; GetNumberOfMetaDataEntries__24CMdaAudioRecorderUtilityRi
40 28           ; GetPlaybackBalance__24CMdaAudioRecorderUtilityRi
41 30           ; GetRecordBalance__24CMdaAudioRecorderUtilityRi
42 31           ; GetSupportedBitRatesL__24CMdaAudioRecorderUtilityRt6RArray1ZUi
43 36           ; GetSupportedDestinationDataTypesL__24CMdaAudioRecorderUtilityRt6RArray1Z7TFourCC
44 37           ; GetSupportedNumberOfChannelsL__24CMdaAudioRecorderUtilityRt6RArray1ZUi
45 38           ; GetSupportedSampleRatesL__24CMdaAudioRecorderUtilityRt6RArray1ZUi
46 40           ; GetVolume__24CMdaAudioRecorderUtilityRi
47 6            ; NewL__24CMdaAudioRecorderUtilityR29MMdaObjectStateChangeObserverP10CMdaServeri22TMdaPriorityPreference
48 81           ; OpenDesL__24CMdaAudioRecorderUtilityR5TDes8
49 47           ; OpenDesL__24CMdaAudioRecorderUtilityR5TDes8G4TUidN22G7TFourCC
50 52           ; OpenUrlL__24CMdaAudioRecorderUtilityRC7TDesC16iG4TUidN23G7TFourCC
51 53           ; OpenUrlL__24CMdaAudioRecorderUtilityRC7TDesC16iRC6TDesC8
52 96           ; PlayControllerCustomCommandAsync__24CMdaAudioRecorderUtilityRCt8TPckgBuf1Z22TMMFMessageDestinationiRC6TDesC8T3R14TRequestStatus
53 97           ; PlayControllerCustomCommandAsync__24CMdaAudioRecorderUtilityRCt8TPckgBuf1Z22TMMFMessageDestinationiRC6TDesC8T3R5TDes8R14TRequestStatus
54 98           ; PlayControllerCustomCommandSync__24CMdaAudioRecorderUtilityRCt8TPckgBuf1Z22TMMFMessageDestinationiRC6TDesC8T3
55 99           ; PlayControllerCustomCommandSync__24CMdaAudioRecorderUtilityRCt8TPckgBuf1Z22TMMFMessageDestinationiRC6TDesC8T3R5TDes8
56 100          ; RecordControllerCustomCommandAsync__24CMdaAudioRecorderUtilityRCt8TPckgBuf1Z22TMMFMessageDestinationiRC6TDesC8T3R14TRequestStatus
57 101          ; RecordControllerCustomCommandAsync__24CMdaAudioRecorderUtilityRCt8TPckgBuf1Z22TMMFMessageDestinationiRC6TDesC8T3R5TDes8R14TRequestStatus
58 102          ; RecordControllerCustomCommandSync__24CMdaAudioRecorderUtilityRCt8TPckgBuf1Z22TMMFMessageDestinationiRC6TDesC8T3
59 103          ; RecordControllerCustomCommandSync__24CMdaAudioRecorderUtilityRCt8TPckgBuf1Z22TMMFMessageDestinationiRC6TDesC8T3R5TDes8
60 105          ; RegisterForAudioLoadingNotification__24CMdaAudioRecorderUtilityR21MAudioLoadingObserver
61 55           ; RemoveMetaDataEntry__24CMdaAudioRecorderUtilityi
62 56           ; ReplaceMetaDataEntryL__24CMdaAudioRecorderUtilityiR17CMMFMetaDataEntry
63 60           ; SetDestinationBitRateL__24CMdaAudioRecorderUtilityUi
64 62           ; SetDestinationDataTypeL__24CMdaAudioRecorderUtilityG7TFourCC
65 64           ; SetDestinationFormatL__24CMdaAudioRecorderUtilityG4TUid
66 66           ; SetDestinationNumberOfChannelsL__24CMdaAudioRecorderUtilityUi
67 68           ; SetDestinationSampleRateL__24CMdaAudioRecorderUtilityUi
68 70           ; SetPlaybackBalance__24CMdaAudioRecorderUtilityi
69 73           ; SetPriority__24CMdaAudioRecorderUtilityi22TMdaPriorityPreference
70 80           ; AddMetaDataEntryL__24CMdaAudioRecorderUtilityR17CMMFMetaDataEntry
71 49           ; OpenFileL__24CMdaAudioRecorderUtilityRC7TDesC16G4TUidN22G7TFourCC

[epoc80]
2 70            ; SetPriority__22CMdaAudioPlayerUtilityi22TMdaPriorityPreference
3 107           ; Close__22CMdaAudioPlayerUtility
4 84            ; ControllerImplementationInformationL__22CMdaAudioPlayerUtility
5 86            ; CustomCommandAsync__22CMdaAudioPlayerUtilityRCt8TPckgBuf1Z22TMMFMessageDestinationiRC6TDesC8T3R14TRequestStatus
6 87            ; CustomCommandAsync__22CMdaAudioPlayerUtilityRCt8TPckgBuf1Z22TMMFMessageDestinationiRC6TDesC8T3R5TDes8R14TRequestStatus
7 90            ; CustomCommandSync__22CMdaAudioPlayerUtilityRCt8TPckgBuf1Z22TMMFMessageDestinationiRC6TDesC8T3
8 91            ; CustomCommandSync__22CMdaAudioPlayerUtilityRCt8TPckgBuf1Z22TMMFMessageDestinationiRC6TDesC8T3R5TDes8
9 94            ; GetAudioLoadingProgressL__22CMdaAudioPlayerUtilityRi
10 22           ; GetBalance__22CMdaAudioPlayerUtilityRi
11 24           ; GetMetaDataEntryL__22CMdaAudioPlayerUtilityi
12 26           ; GetNumberOfMetaDataEntries__22CMdaAudioPlayerUtilityRi
13 29           ; GetPosition__22CMdaAudioPlayerUtilityR25TTimeIntervalMicroSeconds
14 39           ; GetVolume__22CMdaAudioPlayerUtilityRi
15 4            ; NewDesPlayerL__22CMdaAudioPlayerUtilityRC6TDesC8R23MMdaAudioPlayerCallbacki22TMdaPriorityPreferenceP10CMdaServer
16 2            ; NewDesPlayerReadOnlyL__22CMdaAudioPlayerUtilityRC6TDesC8R23MMdaAudioPlayerCallbacki22TMdaPriorityPreferenceP10CMdaServer
17 3            ; NewFilePlayerL__22CMdaAudioPlayerUtilityRC7TDesC16R23MMdaAudioPlayerCallbacki22TMdaPriorityPreferenceP10CMdaServer
18 42           ; NewL__22CMdaAudioPlayerUtilityR23MMdaAudioPlayerCallbacki22TMdaPriorityPreference
19 46           ; OpenDesL__22CMdaAudioPlayerUtilityRC6TDesC8
20 48           ; OpenFileL__22CMdaAudioPlayerUtilityRC7TDesC16
21 51           ; OpenUrlL__22CMdaAudioPlayerUtilityRC7TDesC16iRC6TDesC8
22 54           ; Pause__22CMdaAudioPlayerUtility
23 104          ; RegisterForAudioLoadingNotification__22CMdaAudioPlayerUtilityR21MAudioLoadingObserver
24 58           ; SetBalance__22CMdaAudioPlayerUtilityi
25 69           ; SetPlayWindow__22CMdaAudioPlayerUtilityRC25TTimeIntervalMicroSecondsT1
26 71           ; SetPosition__22CMdaAudioPlayerUtilityRC25TTimeIntervalMicroSeconds
27 106          ; ClearPlayWindow__22CMdaAudioPlayerUtility
28 74           ; SetRecordBalance__24CMdaAudioRecorderUtilityi
29 82           ; AudioPlayControllerImplementationInformationL__24CMdaAudioRecorderUtility
30 83           ; AudioRecorderControllerImplementationInformationL__24CMdaAudioRecorderUtility
31 12           ; DestinationBitRateL__24CMdaAudioRecorderUtility
32 14           ; DestinationDataTypeL__24CMdaAudioRecorderUtility
33 16           ; DestinationFormatL__24CMdaAudioRecorderUtility
34 18           ; DestinationNumberOfChannelsL__24CMdaAudioRecorderUtility
35 20           ; DestinationSampleRateL__24CMdaAudioRecorderUtility
36 95           ; GetAudioLoadingProgressL__24CMdaAudioRecorderUtilityRi
37 23           ; GetGain__24CMdaAudioRecorderUtilityRi
38 25           ; GetMetaDataEntryL__24CMdaAudioRecorderUtilityi
39 27           ; GetNumberOfMetaDataEntries__24CMdaAudioRecorderUtilityRi
40 28           ; GetPlaybackBalance__24CMdaAudioRecorderUtilityRi
41 30           ; GetRecordBalance__24CMdaAudioRecorderUtilityRi
42 31           ; GetSupportedBitRatesL__24CMdaAudioRecorderUtilityRt6RArray1ZUi
43 36           ; GetSupportedDestinationDataTypesL__24CMdaAudioRecorderUtilityRt6RArray1Z7TFourCC
44 37           ; GetSupportedNumberOfChannelsL__24CMdaAudioRecorderUtilityRt6RArray1ZUi
45 38           ; GetSupportedSampleRatesL__24CMdaAudioRecorderUtilityRt6RArray1ZUi
46 40           ; GetVolume__24CMdaAudioRecorderUtilityRi
47 6            ; NewL__24CMdaAudioRecorderUtilityR29MMdaObjectStateChangeObserverP10CMdaServeri22TMdaPriorityPreference
48 81           ; OpenDesL__24CMdaAudioRecorderUtilityR5TDes8
49 47           ; OpenDesL__24CMdaAudioRecorderUtilityR5TDes8G4TUidN22G7TFourCC
50 52           ; OpenUrlL__24CMdaAudioRecorderUtilityRC7TDesC16iG4TUidN23G7TFourCC
51 53           ; OpenUrlL__24CMdaAudioRecorderUtilityRC7TDesC16iRC6TDesC8
52 96           ; PlayControllerCustomCommandAsync__24CMdaAudioRecorderUtilityRCt8TPckgBuf1Z22TMMFMessageDestinationiRC6TDesC8T3R14TRequestStatus
53 97           ; PlayControllerCustomCommandAsync__24CMdaAudioRecorderUtilityRCt8TPckgBuf1Z22TMMFMessageDestinationiRC6TDesC8T3R5TDes8R14TRequestStatus
54 98           ; PlayControllerCustomCommandSync__24CMdaAudioRecorderUtilityRCt8TPckgBuf1Z22TMMFMessageDestinationiRC6TDesC8T3
55 99           ; PlayControllerCustomCommandSync__24CMdaAudioRecorderUtilityRCt8TPckgBuf1Z22TMMFMessageDestinationiRC6TDesC8T3R5TDes8
56 100          ; RecordControllerCustomCommandAsync__24CMdaAudioRecorderUtilityRCt8TPckgBuf1Z22TMMFMessageDestinationiRC6TDesC8T3R14TRequestStatus
57 101          ; RecordControllerCustomCommandAsync__24CMdaAudioRecorderUtilityRCt8TPckgBuf1Z22TMMFMessageDestinationiRC6TDesC8T3R5TDes8R14TRequestStatus
58 102          ; RecordControllerCustomCommandSync__24CMdaAudioRecorderUtilityRCt8TPckgBuf1Z22TMMFMessageDestinationiRC6TDesC8T3
59 103          ; RecordControllerCustomCommandSync__24CMdaAudioRecorderUtilityRCt8TPckgBuf1Z22TMMFMessageDestinationiRC6TDesC8T3R5TDes8
60 105          ; RegisterForAudioLoadingNotification__24CMdaAudioRecorderUtilityR21MAudioLoadingObserver
61 55           ; RemoveMetaDataEntry__24CMdaAudioRecorderUtilityi
62 56           ; ReplaceMetaDataEntryL__24CMdaAudioRecorderUtilityiR17CMMFMetaDataEntry
63 60           ; SetDestinationBitRateL__24CMdaAudioRecorderUtilityUi
64 62           ; SetDestinationDataTypeL__24CMdaAudioRecorderUtilityG7TFourCC
65 64           ; SetDestinationFormatL__24CMdaAudioRecorderUtilityG4TUid
66 66           ; SetDestinationNumberOfChannelsL__24CMdaAudioRecorderUtilityUi
67 68           ; SetDestinationSampleRateL__24CMdaAudioRecorderUtilityUi
68 70           ; SetPlaybackBalance__24CMdaAudioRecorderUtilityi
69 73           ; SetPriority__24CMdaAudioRecorderUtilityi22TMdaPriorityPreference
70 80           ; AddMetaDataEntryL__24CMdaAudioRecorderUtilityR17CMMFMetaDataEntry
71 49           ; OpenFileL__24CMdaAudioRecorderUtilityRC7TDesC16G4TUidN22G7TFourCC

[epoc6]
16 2            ; NewDesPlayerReadOnlyL__22CMdaAudioPlayerUtilityRC6TDesC8R23MMdaAudioPlayerCallbacki22TMdaPriorityPreferenceP10CMdaServer
17 3            ; NewFilePlayerL__22CMdaAudioPlayerUtilityRC7TDesC16R23MMdaAudioPlayerCallbacki22TMdaPriorityPreferenceP10CMdaServer
15 4            ; NewDesPlayerL__22CMdaAudioPlayerUtilityRC6TDesC8R23MMdaAudioPlayerCallbacki22TMdaPriorityPreferenceP10CMdaServer
47 6            ; NewL__24CMdaAudioRecorderUtilityR29MMdaObjectStateChangeObserverP10CMdaServeri22TMdaPriorityPreference