[epoc9v4]
1 2             ; CMdaAudioOutputStream::SetBalance
2 3             ; CMdaAudioOutputStream::SetDataType
3 9             ; CMdaAudioOutputStream::NewL(MMdaAudioOutputStreamCallback&, CMdaServer*)
4 10            ; CMdaAudioOutputStream::NewL()
5 13            ; CMdaAudioOutputStream::GetBytes
6 14            ; CMdaAudioOutputStream::GetBalance
7 15            ; CMdaAudioOutputStream::DataType
14 5            ; CMdaAudioOutputStream::WillResumePlay
15 7            ; CMdaAudioOutputStream::RegisterAudioResourceNof
16 8            ; CMdaAudioOutputStream::CancelRegister
17 6            ; CMdaAudioOutputStream::CustomInterface
18 1            ; CMdaAudioOutputStream::RequestStop
19 4            ; CMdaAudioOutputStream::KeepOpenAtEnd
20 11           ; CMdaAudioOutputStream::Pause
21 12           ; CMdaAudioOutputStream::Resume

[epoc9v3]
1 2             ; CMdaAudioOutputStream::SetBalance
2 3             ; CMdaAudioOutputStream::SetDataType
3 9             ; CMdaAudioOutputStream::NewL(MMdaAudioOutputStreamCallback&, CMdaServer*)
4 10            ; CMdaAudioOutputStream::NewL()
5 13            ; CMdaAudioOutputStream::GetBytes
6 14            ; CMdaAudioOutputStream::GetBalance
7 15            ; CMdaAudioOutputStream::DataType
14 5            ; CMdaAudioOutputStream::WillResumePlay
15 7            ; CMdaAudioOutputStream::RegisterAudioResourceNof
16 8            ; CMdaAudioOutputStream::CancelRegister
17 6            ; CMdaAudioOutputStream::CustomInterface
18 1            ; CMdaAudioOutputStream::RequestStop
19 4            ; CMdaAudioOutputStream::KeepOpenAtEnd
20 11           ; CMdaAudioOutputStream::Pause
21 12           ; CMdaAudioOutputStream::Resume

[epocv6]
1 9             ; CMdaAudioOutputStream::NewL(MMdaAudioOutputStreamCallback&, CMdaServer*)
3 14            ; CMdaAudioOutputStream::GetBalance
4 13            ; CMdaAudioOutputStream::GetBytes
5 2             ; CMdaAudioOutputStream::SetBalance
6 15            ; CMdaAudioOutputStream::DataType
7 3             ; CMdaAudioOutputStream::SetDataType
8 10            ; CMdaAudioOutputStream::NewL()